// Jest Snapshot v1, https://goo.gl/fbAQLP

exports[`App component renders App 1`] = `
<DocumentFragment>
  <div>
    <label
      for="search"
    >
      Search
    </label>
    <input
      id="search"
      name="search"
      type="search"
      value=""
    />
    <button
      data-testid="button"
    >
      Search
    </button>
    <ul
      data-testid="articles-list"
    />
  </div>
</DocumentFragment>
`;
